available/ac.tohoku.conf /etc/nginx/$
available/co.aquefir.conf /etc/nginx/$
available/com.arqadium.conf /etc/nginx/$
available/com.doverboy.conf /etc/nginx/$
available/com.nichfury.conf /etc/nginx/$
available/com.nicholatian.conf /etc/nginx/$
available/com.nichstack.conf /etc/nginx/$
available/in.caveoforig.conf /etc/nginx/$
available/mt.xion.bbs.conf /etc/nginx/$
available/mt.xion.bt.conf /etc/nginx/$
available/mt.xion.cdn.conf /etc/nginx/$
available/mt.xion.conf /etc/nginx/$
available/mt.xion.hls.conf /etc/nginx/$
available/mt.xion.kb.conf /etc/nginx/$
available/mt.xion.vcs.conf /etc/nginx/$
available/org.cstar-lang.conf /etc/nginx/$
available/org.symver.conf /etc/nginx/$
available/sh.alabaster.conf /etc/nginx/$
banner.txt /etc/banner
chmod-dirs.sh /usr/local/bin/chmod-dirs
chmod-files.sh /usr/local/bin/chmod-files
default.vcl /etc/varnish/$
genmotd.sh /usr/local/bin/genmotd
ip46ptables.sh /usr/local/bin/ip46ptables
ip46tables.sh /usr/local/bin/ip46tables
nginx.conf /etc/nginx/$
permiss.sh /usr/local/bin/permiss
phpbits.conf /etc/nginx/$
sentry.sh /usr/local/bin/sentry
sitebits.conf /etc/nginx/$
sshd.conf /etc/ssh/sshd_config
sslredir.conf /etc/nginx/$
varnish-prop.sh /usr/local/bin/varnish-prop
